         0              0
         1              0
         2              0
         3              0
         4              0
         5              0
         6              0
         7              0
         8              0
         9              0
        10              0
        11              0
        12              0
        13              0
        14              0
        15              0
        16              0
        17              0
        18              0
        19              0
        20              0
        21              0
        22              0
        23             30
        24             39
        25             54
        26             45
        27             52
        28             39
        29             31
        30             43
        31             51
        32             39
        33             46
        34             63
        35             42
        36             40
        37             48
        38             45
        39             48
        40             47
        41             47
        42             54
        43             44
        44             50
        45             57
        46             45
        47             48
        48             64
        49             57
        50             68
        51             57
        52             55
        53             74
        54             69
        55             60
        56             59
        57             63
        58             66
        59             57
        60             68
        61             82
        62             61
        63             51
        64             53
        65             65
        66             65
        67             55
        68             55
        69             72
        70             59
        71             50
        72             61
        73             64
        74             55
        75             58
        76             60
        77             60
        78             71
        79             78
        80             89
        81             79
        82             79
        83             88
        84             63
        85             86
        86             84
        87             98
        88            103
        89             83
        90             75
        91             88
        92             97
        93            102
        94            104
        95            108
        96            105
        97            125
        98            103
        99            124
       100            135
       101            131
       102            114
       103            129
       104            111
       105            116
       106            142
       107            122
       108            146
       109            143
       110            162
       111            154
       112            170
       113            174
       114            161
       115            161
       116            156
       117            183
       118            193
       119            183
       120            171
       121            181
       122            193
       123            215
       124            185
       125            201
       126            216
       127            194
       128            183
       129            222
       130            214
       131            200
       132            195
       133            197
       134            202
       135            181
       136            207
       137            189
       138            212
       139            171
       140            228
       141            218
       142            211
       143            211
       144            205
       145            198
       146            197
       147            199
       148            223
       149            203
       150            204
       151            215
       152            197
       153            208
       154            236
       155            226
       156            216
       157            205
       158            198
       159            215
       160            197
       161            201
       162            186
       163            210
       164            199
       165            166
       166            202
       167            202
       168            226
       169            213
       170            195
       171            205
       172            199
       173            179
       174            178
       175            211
       176            199
       177            181
       178            206
       179            210
       180            196
       181            168
       182            192
       183            197
       184            191
       185            182
       186            179
       187            190
       188            196
       189            186
       190            182
       191            193
       192            182
       193            153
       194            224
       195            178
       196            140
       197            159
       198            201
       199            193
       200            191
       201            193
       202            179
       203            197
       204            192
       205            211
       206            205
       207            176
       208            202
       209            176
       210            166
       211            173
       212            161
       213            176
       214            178
       215            172
       216            168
       217            150
       218            170
       219            155
       220            162
       221            153
       222            180
       223            160
       224            142
       225            145
       226            146
       227            176
       228            169
       229            172
       230            152
       231            168
       232            157
       233            167
       234            153
       235            157
       236            150
       237            151
       238            153
       239            151
       240            163
       241            150
       242            139
       243            162
       244            147
       245            158
       246            154
       247            134
       248            162
       249            147
       250            160
       251            151
       252            135
       253            149
       254            125
       255            134
       256            167
       257            130
       258            136
       259            151
       260            151
       261            163
       262            138
       263            148
       264            143
       265            129
       266            127
       267            129
       268            147
       269            140
       270            147
       271            134
       272            140
       273            151
       274            123
       275            152
       276            141
       277            121
       278            135
       279            125
       280            126
       281            137
       282            129
       283            141
       284            122
       285            127
       286            131
       287            138
       288            141
       289            143
       290            142
       291            149
       292            159
       293            140
       294            156
       295            126
       296            127
       297            141
       298            140
       299            152
       300            118
       301            152
       302            155
       303            137
       304            135
       305            150
       306            111
       307            142
       308            148
       309            127
       310            124
       311            115
       312            143
       313            115
       314            128
       315            132
       316            135
       317            134
       318            107
       319            117
       320            124
       321            117
       322             94
       323            133
       324            101
       325             98
       326            121
       327            117
       328            108
       329             88
       330            112
       331            107
       332            105
       333            102
       334            104
       335            105
       336            101
       337            114
       338             78
       339             85
       340             94
       341             84
       342             98
       343             80
       344             99
       345             92
       346            108
       347            109
       348             85
       349             91
       350            101
       351             75
       352             79
       353             88
       354            102
       355             93
       356             84
       357             96
       358             93
       359             89
       360             91
       361             95
       362             95
       363            108
       364            101
       365             94
       366             94
       367            102
       368             90
       369             94
       370             85
       371             63
       372             93
       373             82
       374             74
       375             87
       376             82
       377             81
       378             79
       379             86
       380             79
       381             83
       382             83
       383             66
       384             74
       385             78
       386             85
       387             86
       388             75
       389             64
       390             78
       391             61
       392             77
       393             68
       394             62
       395             75
       396             80
       397             75
       398             70
       399             72
       400             52
       401             60
       402             79
       403             75
       404             71
       405             63
       406             49
       407             69
       408             66
       409             62
       410             76
       411             54
       412             70
       413             76
       414             43
       415             69
       416             81
       417             62
       418             58
       419             48
       420             63
       421             59
       422             60
       423             60
       424             44
       425             72
       426             52
       427             53
       428             63
       429             52
       430             59
       431             59
       432             77
       433             68
       434             55
       435             58
       436             58
       437             62
       438             61
       439             69
       440             57
       441             59
       442             65
       443             59
       444             53
       445             48
       446             68
       447             60
       448             69
       449             59
       450             58
       451             63
       452             67
       453             60
       454             58
       455             56
       456             66
       457             58
       458             55
       459             59
       460             48
       461             52
       462             56
       463             54
       464             60
       465             48
       466             61
       467             53
       468             59
       469             54
       470             49
       471             61
       472             52
       473             55
       474             43
       475             56
       476             46
       477             55
       478             52
       479             43
       480             57
       481             47
       482             50
       483             48
       484             40
       485             41
       486             67
       487             39
       488             42
       489             64
       490             39
       491             44
       492             50
       493             47
       494             41
       495             46
       496             49
       497             43
       498             37
       499             41
       500             49
       501             55
       502             48
       503             49
       504             62
       505             50
       506             37
       507             46
       508             50
       509             45
       510             34
       511             33
       512             42
       513             44
       514             33
       515             38
       516             41
       517             37
       518             43
       519             52
       520             45
       521             27
       522             44
       523             55
       524             40
       525             42
       526             49
       527             35
       528             40
       529             33
       530             52
       531             45
       532             49
       533             44
       534             38
       535             46
       536             45
       537             44
       538             56
       539             30
       540             47
       541             45
       542             48
       543             36
       544             35
       545             41
       546             31
       547             36
       548             47
       549             53
       550             40
       551             46
       552             36
       553             31
       554             42
       555             43
       556             49
       557             40
       558             37
       559             40
       560             46
       561             24
       562             50
       563             34
       564             31
       565             45
       566             47
       567             29
       568             41
       569             38
       570             45
       571             35
       572             44
       573             38
       574             38
       575             45
       576             43
       577             38
       578             46
       579             41
       580             48
       581             33
       582             38
       583             35
       584             37
       585             46
       586             28
       587             28
       588             50
       589             43
       590             39
       591             43
       592             34
       593             33
       594             35
       595             30
       596             39
       597             32
       598             38
       599             40
       600             30
       601             36
       602             31
       603             43
       604             37
       605             36
       606             50
       607             37
       608             20
       609             37
       610             40
       611             32
       612             32
       613             35
       614             36
       615             36
       616             45
       617             36
       618             33
       619             31
       620             34
       621             33
       622             49
       623             31
       624             28
       625             40
       626             36
       627             31
       628             40
       629             37
       630             29
       631             41
       632             29
       633             36
       634             38
       635             46
       636             51
       637             33
       638             37
       639             34
       640             35
       641             47
       642             28
       643             37
       644             38
       645             32
       646             40
       647             31
       648             31
       649             40
       650             29
       651             40
       652             33
       653             44
       654             35
       655             34
       656             37
       657             40
       658             31
       659             40
       660             32
       661             45
       662             33
       663             34
       664             50
       665             41
       666             44
       667             41
       668             31
       669             27
       670             42
       671             33
       672             32
       673             28
       674             34
       675             35
       676             44
       677             23
       678             31
       679             42
       680             38
       681             39
       682             21
       683             28
       684             33
       685             42
       686             28
       687             35
       688             34
       689             34
       690             35
       691             39
       692             24
       693             30
       694             20
       695             28
       696             33
       697             28
       698             33
       699             31
       700             30
       701             40
       702             33
       703             37
       704             23
       705             25
       706             30
       707             22
       708             28
       709             25
       710             29
       711             30
       712             31
       713             26
       714             20
       715             26
       716             17
       717             27
       718             19
       719             25
       720             21
       721             30
       722             23
       723             25
       724             15
       725             28
       726             26
       727             25
       728             18
       729             23
       730             21
       731             23
       732             24
       733             18
       734             22
       735             18
       736             22
       737             22
       738             18
       739             20
       740             26
       741             17
       742             17
       743             13
       744             23
       745             19
       746             16
       747             16
       748             20
       749             13
       750             17
       751             18
       752             21
       753             21
       754             11
       755             16
       756             20
       757             21
       758              9
       759             15
       760             20
       761             10
       762              9
       763             11
       764              9
       765             13
       766             17
       767             10
       768             18
       769             12
       770             15
       771             16
       772             11
       773             23
       774             13
       775             10
       776             15
       777             16
       778             17
       779             13
       780             10
       781             13
       782             20
       783             11
       784             19
       785             20
       786              9
       787             17
       788             14
       789             16
       790              8
       791              8
       792              6
       793             14
       794             19
       795             27
       796             15
       797             12
       798              9
       799             13
       800             16
       801             14
       802             10
       803             17
       804             15
       805             15
       806              9
       807             14
       808             13
       809             15
       810             11
       811             13
       812             16
       813             15
       814             14
       815             11
       816             15
       817             10
       818              5
       819             16
       820             12
       821             14
       822             13
       823              9
       824             10
       825             11
       826             16
       827             14
       828              9
       829             10
       830             10
       831             10
       832             20
       833              8
       834             13
       835             13
       836              9
       837             17
       838              7
       839              5
       840             16
       841             17
       842             17
       843             16
       844              8
       845              9
       846             15
       847              8
       848              8
       849             11
       850             13
       851             16
       852             12
       853              3
       854             12
       855              7
       856             11
       857              6
       858             14
       859             10
       860             11
       861             18
       862             11
       863             11
       864             12
       865             16
       866             14
       867             11
       868             11
       869              9
       870             12
       871             18
       872              9
       873             12
       874             12
       875             13
       876             15
       877             19
       878             16
       879             13
       880             11
       881             11
       882              5
       883             13
       884             11
       885             20
       886             15
       887              7
       888             17
       889             14
       890              7
       891             15
       892              9
       893             10
       894             10
       895             12
       896             14
       897             13
       898             15
       899             12
       900             16
       901             16
       902             14
       903             16
       904             16
       905             20
       906             20
       907             11
       908             18
       909             16
       910             15
       911             11
       912             17
       913             12
       914             17
       915             11
       916             11
       917             14
       918             16
       919             22
       920             20
       921             22
       922             27
       923             26
       924             24
       925             19
       926             24
       927             31
       928             28
       929             20
       930             23
       931             17
       932             34
       933             32
       934             27
       935             28
       936             32
       937             17
       938             33
       939             33
       940             27
       941             34
       942             49
       943             41
       944             37
       945             46
       946             51
       947             42
       948             56
       949             53
       950             56
       951             57
       952             52
       953             62
       954             59
       955             63
       956             72
       957             58
       958             84
       959             69
       960             91
       961             78
       962             94
       963             95
       964            113
       965             91
       966             85
       967            116
       968            109
       969            104
       970            114
       971            109
       972            161
       973            133
       974            119
       975            165
       976            146
       977            145
       978            132
       979            148
       980            159
       981            148
       982            154
       983            145
       984            161
       985            177
       986            158
       987            172
       988            164
       989            161
       990            179
       991            196
       992            186
       993            196
       994            191
       995            188
       996            172
       997            172
       998            179
       999            172
      1000            192
      1001            192
      1002            161
      1003            172
      1004            193
      1005            198
      1006            187
      1007            166
      1008            182
      1009            181
      1010            205
      1011            175
      1012            165
      1013            185
      1014            188
      1015            168
      1016            158
      1017            161
      1018            137
      1019            146
      1020            137
      1021            160
      1022            144
      1023            136
      1024            114
      1025            134
      1026            128
      1027            127
      1028            106
      1029            106
      1030            124
      1031             95
      1032            102
      1033             98
      1034             89
      1035             82
      1036             90
      1037             93
      1038             89
      1039             72
      1040             76
      1041             80
      1042             64
      1043             59
      1044             48
      1045             55
      1046             50
      1047             44
      1048             39
      1049             51
      1050             40
      1051             27
      1052             46
      1053             28
      1054             30
      1055             22
      1056             27
      1057             29
      1058             21
      1059             26
      1060             24
      1061             23
      1062             20
      1063             13
      1064             13
      1065             22
      1066              3
      1067             10
      1068             12
      1069             14
      1070              5
      1071              5
      1072             13
      1073              8
      1074              6
      1075             12
      1076              3
      1077              6
      1078              6
      1079             10
      1080              6
      1081              8
      1082              3
      1083              5
      1084              7
      1085             13
      1086              8
      1087              4
      1088              2
      1089              5
      1090              8
      1091              4
      1092              3
      1093              3
      1094              8
      1095              2
      1096              5
      1097              5
      1098              5
      1099              7
      1100              3
      1101              5
      1102              4
      1103              3
      1104              4
      1105              6
      1106              6
      1107              4
      1108              2
      1109              5
      1110              2
      1111              6
      1112              3
      1113              1
      1114              8
      1115              5
      1116              5
      1117              4
      1118              6
      1119              3
      1120              5
      1121              5
      1122              4
      1123              2
      1124              8
      1125              6
      1126              7
      1127              6
      1128              3
      1129             11
      1130              7
      1131              4
      1132              4
      1133              2
      1134              3
      1135              3
      1136              0
      1137              4
      1138              7
      1139              5
      1140              5
      1141              4
      1142              3
      1143              3
      1144              5
      1145              5
      1146              2
      1147              4
      1148              5
      1149              3
      1150              5
      1151              4
      1152              3
      1153              6
      1154              1
      1155              5
      1156              3
      1157              2
      1158              3
      1159              1
      1160              2
      1161              6
      1162              6
      1163              7
      1164              1
      1165              3
      1166              1
      1167              4
      1168              7
      1169              7
      1170              2
      1171              6
      1172              4
      1173              3
      1174              4
      1175              3
      1176              4
      1177              4
      1178              4
      1179              4
      1180              0
      1181              4
      1182              5
      1183              2
      1184              6
      1185              1
      1186              3
      1187              5
      1188              3
      1189              2
      1190              3
      1191              5
      1192              4
      1193              9
      1194              5
      1195              3
      1196              2
      1197              1
      1198              3
      1199              5
      1200              5
      1201              2
      1202              8
      1203              4
      1204              5
      1205              4
      1206              2
      1207              5
      1208              5
      1209              3
      1210              4
      1211              2
      1212              6
      1213              3
      1214              2
      1215              2
      1216              5
      1217              2
      1218              2
      1219              3
      1220              6
      1221              7
      1222              5
      1223              3
      1224              4
      1225              2
      1226              0
      1227              7
      1228              3
      1229              3
      1230              2
      1231              2
      1232              0
      1233              6
      1234              1
      1235              4
      1236              2
      1237              5
      1238              3
      1239              1
      1240              1
      1241              4
      1242              4
      1243              7
      1244              1
      1245              4
      1246              4
      1247              5
      1248              7
      1249              2
      1250              4
      1251              5
      1252              4
      1253              4
      1254              7
      1255              3
      1256              3
      1257              2
      1258              6
      1259              8
      1260              4
      1261              2
      1262              2
      1263              4
      1264              1
      1265              4
      1266              1
      1267              3
      1268              4
      1269              5
      1270              5
      1271              5
      1272              4
      1273              5
      1274              4
      1275              4
      1276              2
      1277              2
      1278              4
      1279              0
      1280              2
      1281              3
      1282              4
      1283              4
      1284              4
      1285              2
      1286              3
      1287              3
      1288              7
      1289              6
      1290              3
      1291              3
      1292              4
      1293              3
      1294              4
      1295              6
      1296              2
      1297              7
      1298              1
      1299              3
      1300              6
      1301              1
      1302              5
      1303              2
      1304              6
      1305              2
      1306              4
      1307              6
      1308             12
      1309              5
      1310              2
      1311              2
      1312              1
      1313              7
      1314              3
      1315              4
      1316              1
      1317              1
      1318              4
      1319              4
      1320              0
      1321              3
      1322              6
      1323              1
      1324              2
      1325              5
      1326              4
      1327              6
      1328              6
      1329              1
      1330              7
      1331              1
      1332              1
      1333              6
      1334              2
      1335              7
      1336              1
      1337              3
      1338              6
      1339              2
      1340              8
      1341              6
      1342              6
      1343              3
      1344              4
      1345              2
      1346              4
      1347              2
      1348              4
      1349              8
      1350              4
      1351              4
      1352              2
      1353              5
      1354              2
      1355              0
      1356              2
      1357              4
      1358              3
      1359              3
      1360              6
      1361              1
      1362              2
      1363              4
      1364              3
      1365              3
      1366              4
      1367              4
      1368              1
      1369              2
      1370              5
      1371              4
      1372              3
      1373              5
      1374              2
      1375              3
      1376              2
      1377              2
      1378              3
      1379              3
      1380              7
      1381              4
      1382              3
      1383              2
      1384              1
      1385              3
      1386              2
      1387              3
      1388              3
      1389              6
      1390              6
      1391              1
      1392              4
      1393              3
      1394              2
      1395              2
      1396              0
      1397              1
      1398              1
      1399              3
      1400              3
      1401              5
      1402              2
      1403              5
      1404              2
      1405              3
      1406              7
      1407              1
      1408              6
      1409              3
      1410              0
      1411              4
      1412              2
      1413              0
      1414              3
      1415              3
      1416              1
      1417              5
      1418              4
      1419              5
      1420              2
      1421              3
      1422              3
      1423              2
      1424              3
      1425              2
      1426              5
      1427              5
      1428              3
      1429              2
      1430              6
      1431             10
      1432              3
      1433              0
      1434              4
      1435              1
      1436              2
      1437              3
      1438              2
      1439              3
      1440              2
      1441              2
      1442              1
      1443              2
      1444              4
      1445              4
      1446              2
      1447              2
      1448              4
      1449              4
      1450              1
      1451              2
      1452              1
      1453              6
      1454              4
      1455              2
      1456              2
      1457              1
      1458              4
      1459              5
      1460              1
      1461              3
      1462              2
      1463              4
      1464              5
      1465              3
      1466              2
      1467              3
      1468              4
      1469              3
      1470              1
      1471              1
      1472              2
      1473              1
      1474              0
      1475              2
      1476              3
      1477              1
      1478              2
      1479              4
      1480              2
      1481              1
      1482              9
      1483              2
      1484              1
      1485              1
      1486              2
      1487              2
      1488              0
      1489              1
      1490              3
      1491              1
      1492              6
      1493              6
      1494              3
      1495              3
      1496              2
      1497              3
      1498              3
      1499              2
      1500              3
      1501              1
      1502              2
      1503              0
      1504              0
      1505              3
      1506              4
      1507              3
      1508              5
      1509              3
      1510              3
      1511              5
      1512              3
      1513              2
      1514              5
      1515              3
      1516              3
      1517              1
      1518              3
      1519              1
      1520              1
      1521              1
      1522              4
      1523              1
      1524              0
      1525              0
      1526              2
      1527              5
      1528              5
      1529              3
      1530              3
      1531              2
      1532              2
      1533              2
      1534              1
      1535              2
      1536              5
      1537              4
      1538              2
      1539              1
      1540              4
      1541              3
      1542              3
      1543              3
      1544              2
      1545              2
      1546              3
      1547              4
      1548              1
      1549              3
      1550              2
      1551              0
      1552              2
      1553              3
      1554              4
      1555              2
      1556              2
      1557              2
      1558              2
      1559              5
      1560              5
      1561              3
      1562             10
      1563              3
      1564              2
      1565              2
      1566              3
      1567              5
      1568              2
      1569              5
      1570              2
      1571              2
      1572              2
      1573              2
      1574              2
      1575              3
      1576              1
      1577              0
      1578              4
      1579              1
      1580              2
      1581              2
      1582              2
      1583              2
      1584              4
      1585              3
      1586              4
      1587              3
      1588              2
      1589              2
      1590              5
      1591              0
      1592              2
      1593              7
      1594              3
      1595              1
      1596              1
      1597              3
      1598              0
      1599              2
      1600              1
      1601              2
      1602              0
      1603              6
      1604              2
      1605              5
      1606              4
      1607              0
      1608              0
      1609              4
      1610              2
      1611              4
      1612              3
      1613              0
      1614              4
      1615              1
      1616              2
      1617              1
      1618              2
      1619              1
      1620              2
      1621              1
      1622              3
      1623              2
      1624              3
      1625              2
      1626              3
      1627              5
      1628              2
      1629              1
      1630              1
      1631              8
      1632              4
      1633              6
      1634              2
      1635              1
      1636              3
      1637              1
      1638              3
      1639              2
      1640              3
      1641              5
      1642              4
      1643              2
      1644              2
      1645              0
      1646              4
      1647              1
      1648              2
      1649              5
      1650              4
      1651              2
      1652              8
      1653              0
      1654              2
      1655              4
      1656              2
      1657              3
      1658              4
      1659              2
      1660              6
      1661              7
      1662              3
      1663              1
      1664              1
      1665              5
      1666              3
      1667              1
      1668              4
      1669              3
      1670              2
      1671              2
      1672              3
      1673              4
      1674              1
      1675              9
      1676              0
      1677              1
      1678              3
      1679              4
      1680              2
      1681              1
      1682              0
      1683              3
      1684              1
      1685              2
      1686              2
      1687              3
      1688              2
      1689              1
      1690              2
      1691              6
      1692              3
      1693              3
      1694              2
      1695              0
      1696              2
      1697              2
      1698              4
      1699              3
      1700              1
      1701              0
      1702              3
      1703              3
      1704              4
      1705              1
      1706              3
      1707              3
      1708              2
      1709              2
      1710              2
      1711              2
      1712              3
      1713              5
      1714              1
      1715              1
      1716              3
      1717              4
      1718              1
      1719              1
      1720              2
      1721              1
      1722              1
      1723              0
      1724              3
      1725              2
      1726              1
      1727              2
      1728              1
      1729              5
      1730              0
      1731              2
      1732              1
      1733              3
      1734              0
      1735              1
      1736              4
      1737              0
      1738              3
      1739              2
      1740              2
      1741              3
      1742              3
      1743              4
      1744              4
      1745              2
      1746              3
      1747              1
      1748              3
      1749              4
      1750              3
      1751              4
      1752              3
      1753              0
      1754              0
      1755              1
      1756              0
      1757              0
      1758              3
      1759              0
      1760              1
      1761              1
      1762              4
      1763              1
      1764              3
      1765              2
      1766              2
      1767              1
      1768              3
      1769              2
      1770              1
      1771              1
      1772              1
      1773              2
      1774              2
      1775              4
      1776              2
      1777              4
      1778              3
      1779              2
      1780              1
      1781              2
      1782              4
      1783              1
      1784              0
      1785              2
      1786              0
      1787              2
      1788              2
      1789              2
      1790              1
      1791              2
      1792              3
      1793              1
      1794              3
      1795              3
      1796              4
      1797              2
      1798              3
      1799              3
      1800              0
      1801              2
      1802              0
      1803              1
      1804              1
      1805              3
      1806              4
      1807              3
      1808              2
      1809              1
      1810              0
      1811              0
      1812              0
      1813              1
      1814              0
      1815              1
      1816              0
      1817              6
      1818              0
      1819              1
      1820              1
      1821              1
      1822              3
      1823              1
      1824              0
      1825              0
      1826              2
      1827              2
      1828              0
      1829              2
      1830              1
      1831              2
      1832              1
      1833              4
      1834              2
      1835              2
      1836              3
      1837              3
      1838              1
      1839              1
      1840              1
      1841              1
      1842              1
      1843              1
      1844              0
      1845              2
      1846              0
      1847              2
      1848              2
      1849              0
      1850              3
      1851              1
      1852              1
      1853              1
      1854              4
      1855              2
      1856              0
      1857              2
      1858              0
      1859              1
      1860              3
      1861              1
      1862              0
      1863              1
      1864              1
      1865              2
      1866              1
      1867              1
      1868              0
      1869              2
      1870              1
      1871              1
      1872              2
      1873              1
      1874              2
      1875              1
      1876              1
      1877              0
      1878              0
      1879              1
      1880              3
      1881              4
      1882              2
      1883              1
      1884              1
      1885              1
      1886              0
      1887              1
      1888              1
      1889              1
      1890              0
      1891              0
      1892              0
      1893              1
      1894              1
      1895              0
      1896              0
      1897              3
      1898              0
      1899              2
      1900              0
      1901              0
      1902              3
      1903              0
      1904              0
      1905              0
      1906              0
      1907              0
      1908              1
      1909              1
      1910              1
      1911              1
      1912              3
      1913              0
      1914              0
      1915              3
      1916              2
      1917              0
      1918              0
      1919              1
      1920              0
      1921              0
      1922              1
      1923              0
      1924              2
      1925              1
      1926              3
      1927              2
      1928              1
      1929              0
      1930              0
      1931              0
      1932              2
      1933              2
      1934              0
      1935              3
      1936              0
      1937              1
      1938              0
      1939              1
      1940              1
      1941              1
      1942              2
      1943              0
      1944              1
      1945              1
      1946              0
      1947              1
      1948              0
      1949              0
      1950              0
      1951              0
      1952              0
      1953              0
      1954              0
      1955              1
      1956              3
      1957              1
      1958              0
      1959              0
      1960              1
      1961              1
      1962              0
      1963              0
      1964              0
      1965              0
      1966              0
      1967              2
      1968              1
      1969              0
      1970              4
      1971              2
      1972              0
      1973              4
      1974              3
      1975              0
      1976              0
      1977              0
      1978              2
      1979              2
      1980              1
      1981              1
      1982              3
      1983              1
      1984              1
      1985              1
      1986              0
      1987              1
      1988              0
      1989              2
      1990              0
      1991              1
      1992              0
      1993              0
      1994              1
      1995              1
      1996              1
      1997              0
      1998              0
      1999              0
      2000              1
      2001              0
      2002              1
      2003              0
      2004              2
      2005              0
      2006              2
      2007              0
      2008              1
      2009              1
      2010              1
      2011              1
      2012              0
      2013              3
      2014              1
      2015              1
      2016              2
      2017              0
      2018              1
      2019              1
      2020              0
      2021              0
      2022              0
      2023              0
      2024              0
      2025              0
      2026              0
      2027              0
      2028              0
      2029              0
      2030              0
      2031              0
      2032              0
      2033              0
      2034              0
      2035              0
      2036              0
      2037              0
      2038              0
      2039              0
      2040              0
      2041              0
      2042              0
      2043              0
      2044              0
      2045              0
      2046              0
      2047              0
